* Microsoft COBOL Version 4.5        L2.4 revision 002 28-Oct-13 20:52 Page   1
*                                       EX01.CBL
* Options: LIST(EX01.LST) ASMLIST(EX01.GRP)
     1 IDENTIFICATION DIVISION.
     2 PROGRAM-ID.    EM03-01.
     3 AUTHOR.        LEANDRO & EDEL.
     4 INSTALLATION.  CASA.
     5 DATE-WRITTEN.  03/10/2013.
     6 DATE-COMPILED. 28-Oct-13 20:52.
     7 SECURITY.      APENAS O AUTOR PODE MODIFICAR.
     8*REMARKS.       LE ARQUIVO CADENT E GERA ARQUIVO CADSAI
     9*               CLASSIFICADO EM ORDEM ASCENDENTE PELO
    10*               CAMPO CODIGO E NOME.
    11
    12 ENVIRONMENT DIVISION.
    13 CONFIGURATION SECTION.
    14 SOURCE-COMPUTER. IBM-PC.
    15 OBJECT-COMPUTER. IBM-PC.
    16 SPECIAL-NAMES.   DECIMAL-POINT IS COMMA.
    17
    18 INPUT-OUTPUT SECTION.
    19 FILE-CONTROL.
    20 SELECT ENTRADA ASSIGN TO DISK ORGANIZATION IS LINE SEQUENTIAL.
    21 SELECT TRAB ASSIGN TO DISK.
    22 SELECT SAIDA ASSIGN TO DISK ORGANIZATION IS LINE SEQUENTIAL.
    23
    24 DATA DIVISION.
    25 FILE SECTION.
    26 FD ENTRADA
    27   LABEL RECORD ARE STANDARD VALUE OF FILE-ID IS "ENTRADA.DAT".
    28
    29 01 REG-ENT.
    30   02 COD-ENT   PIC 9(05).
    31   02 NOME-ENT  PIC X(30).
    32   02 SEXO-ENT  PIC X(01).
    33
    34 SD TRAB.
    35 01 REG-TRAB.
    36   02 COD-TRAB  PIC 9(05).
    37   02 NOME-TRAB PIC X(30).
    38   02 SEXO-TRAB PIC X(01).
    39
    40 FD SAIDA
    41   LABEL RECORD ARE STANDARD VALUE OF FILE-ID IS "SAIDA.DAT".
    42
    43 01 REG-SAI.
    44   02 COD-SAI  PIC 9(05).
    45   02 NOME-SAI PIC X(30).
    46   02 SEXO-SAI PIC X(01).
    47
    48 WORKING-STORAGE SECTION.
    49
    50 PROCEDURE DIVISION.
    51 EX01.
    52
    53 SORT TRAB
    54        ASCENDING KEY COD-TRAB
    55        ASCENDING KEY NOME-TRAB
    56        USING ENTRADA
    57        GIVING SAIDA
* Microsoft COBOL Version 4.5        L2.4 revision 002 28-Oct-13 20:52 Page   2
*                                       EX01.CBL
    58 STOP RUN.
* Microsoft COBOL Version 4.5        L2.4 revision 002
* (C)Copyright Microsoft Corp 1984, 1991       URN AXUPA/MS0/000000
*                                              REF GNB-024050002A7
*
* Total Messages:     0
* Data:        1256     Code:         275     Dictionary:        1201
