* Microsoft COBOL Version 4.5        L2.4 revision 002 26-Sep-13 13:15 Page   1
*                                       EX03.CBL
* Options: LIST(EX03.LST) ASMLIST(EX03.GRP)
     1 IDENTIFICATION DIVISION.
     2
     3 PROGRAM-ID. EX03.
     4 AUTHOR. LEANDRO FERNANDES & EDEL CORADI.
     5 INSTALLATION. FATEC-SP.
     6 DATE-WRITTEN. 08/09/2013.
     7 DATE-COMPILED. 26-Sep-13 13:15.
     8 SECURITY.
     9
    10 ENVIRONMENT DIVISION.
    11
    12 CONFIGURATION SECTION.
    13 SOURCE-COMPUTER. IBM-PC.
    14 OBJECT-COMPUTER. IBM-PC.
    15 SPECIAL-NAMES. DECIMAL-POINT IS COMMA.
    16
    17 INPUT-OUTPUT SECTION.
    18 FILE-CONTROL.
    19 SELECT CADENT ASSIGN TO DISK ORGANIZATION IS LINE SEQUENTIAL.
    20 SELECT RELSAI ASSIGN TO DISK.
    21
    22 DATA DIVISION.
    23
    24 FILE SECTION.
    25 FD CADENT
    26    LABEL         RECORD         ARE         STANDARD
    27    VALUE       OF FILE-ID       IS        "CADENT.DAT".
    28
    29 01 REG-ENT.
    30        02 CODIGO         PIC 9(7).
    31        02 NOME           PIC X(30).
    32        02 SALARIO        PIC 9(5)V9(2).
    33        02 SEXO           PIC X(1).
    34
    35 FD  RELSAI
    36     LABEL        RECORD         IS          OMITTED.
    37
    38 01  REG-ATR                  PIC X(80).
    39
    40 WORKING-STORAGE SECTION.
    41
    42 77 FIM-ARQ     PIC 9(01) VALUE 0.
    43 77 CT-LIN      PIC 9(02) VALUE 21.
    44 77 CT-PAG      PIC 9(02) VALUE ZEROES.
    45 77 TOTAL-CLI   PIC 9(05) VALUE 0.
    46 77 TOTAL-SAL   PIC 9(9)V9(2) VALUE 0.
    47
    48 01 CAB-01.
    49    02 FILLER    PIC X(69) VALUE SPACES.
    50    02 FILLER    PIC X(05) VALUE "PAG. ".
    51    02 VAR-PAG   PIC 999.
    52    02 FILLER    PIC X(03) VALUE SPACES.
    53
    54 01 CAB-02.
    55    02 FILLER    PIC X(21) VALUE SPACES.
    56    02 FILLER    PIC X(38)
    57              VALUE "LISTAGEM DOS CLIENTES DO SEXO FEMININO".
* Microsoft COBOL Version 4.5        L2.4 revision 002 26-Sep-13 13:15 Page   2
*                                       EX03.CBL
    58    02 FILLER    PIC X(21) VALUE SPACES.
    59
    60 01 CAB-03.
    61    02 FILLER    PIC X(23) VALUE SPACES.
    62    02 FILLER    PIC X(34)
    63              VALUE "COM SALARIOS SUPERIORES A 5.000,00".
    64    02 FILLER    PIC X(23) VALUE SPACES.
    65
    66 01 CAB-04.
    67    02 FILLER    PIC X(05) VALUE SPACES.
    68    02 FILLER    PIC X(06) VALUE "CODIGO".
    69    02 FILLER    PIC X(16) VALUE SPACES.
    70    02 FILLER    PIC X(04) VALUE "NOME".
    71    02 FILLER    PIC X(34) VALUE SPACES.
    72    02 FILLER    PIC X(07) VALUE "SALARIO".
    73    02 FILLER    PIC X(08)  VALUE SPACES.
    74
    75 01 CAB-05.
    76    02 FILLER      PIC X(05)  VALUE SPACES.
    77    02 FILLER      PIC X(28) VALUE "Total de Clientes impressos:".
    78    02 FILLER      PIC X(05) VALUE SPACES.
    79    02 MASC-TOTAL-CLI   PIC ZZ.999.
    80    02 FILLER      PIC X(36) VALUE SPACES.
    81
    82 01 CAB-06.
    83    02 FILLER      PIC X(05)  VALUE SPACES.
    84    02 FILLER      PIC X(17) VALUE "Total de Salário:".
    85    02 FILLER      PIC X(08) VALUE SPACES.
    86    02 MASC-TOTAL-SAL   PIC ZZZ.ZZZ.ZZ9,99.
    87    02 FILLER      PIC X(36) VALUE SPACES.
    88
    89 01 DETALHE.
    90    02 FILLER      PIC X(05).
    91    02 CODIGO-CLI  PIC 9(07).
    92    02 FILLER      PIC X(11) VALUE SPACES.
    93    02 NOME-CLI    PIC X(30).
    94    02 FILLER      PIC X(11) VALUE SPACES.
    95    02 SALARIO-CLI PIC ZZ.999,99.
    96    02 FILLER      PIC X(07) VALUE SPACES.
    97
    98 PROCEDURE DIVISION.
    99
   100 PROGRAMA05.
   101
   102 PERFORM INICIO.
   103 PERFORM PRINCIPAL UNTIL FIM-ARQ EQUAL 1.
   104 PERFORM CABECALHO-FINAL.
   105 PERFORM TERMINO.
   106
   107 STOP RUN.
   108
   109 INICIO.
   110        OPEN INPUT CADENT OUTPUT RELSAI.
   111        PERFORM VERIFICA-FIM.
   112 VERIFICA-FIM.
   113        READ CADENT AT END MOVE 1 TO FIM-ARQ.
   114 IMPRESSAO.
   115        IF CT-LIN GREATER THAN 20
* Microsoft COBOL Version 4.5        L2.4 revision 002 26-Sep-13 13:15 Page   3
*                                       EX03.CBL
   116               PERFORM CABECALHO.
   117        PERFORM IMPDET.
   118 TERMINO.
   119        CLOSE CADENT RELSAI.
   120 PRINCIPAL.
   121        IF (SEXO EQUAL "F" OR SEXO EQUAL "f") AND
   122           (SALARIO NOT LESS THAN 5000)
   123               PERFORM IMPRESSAO.
   124        PERFORM VERIFICA-FIM.
   125 IMPDET.
   126        MOVE NOME    TO NOME-CLI.
   127        MOVE CODIGO  TO CODIGO-CLI.
   128        MOVE SALARIO TO SALARIO-CLI.
   129        WRITE REG-ATR FROM DETALHE AFTER ADVANCING 1 LINE.
   130        ADD 1 TO CT-LIN.
   131        ADD 1 TO TOTAL-CLI.
   132        ADD SALARIO TO TOTAL-SAL.
   133 CABECALHO.
   134        ADD 1 TO CT-PAG.
   135        MOVE CT-PAG TO VAR-PAG.
   136        MOVE SPACES TO REG-ATR.
   137        WRITE REG-ATR AFTER ADVANCING PAGE.
   138        WRITE REG-ATR FROM CAB-01 AFTER ADVANCING 1 LINE.
   139        WRITE REG-ATR FROM CAB-02 AFTER ADVANCING 1 LINES.
   140        WRITE REG-ATR FROM CAB-03 AFTER ADVANCING 1 LINES.
   141        WRITE REG-ATR FROM CAB-04 AFTER ADVANCING 3 LINES.
   142        MOVE SPACES TO REG-ATR.
   143        WRITE REG-ATR AFTER ADVANCING 1 LINES.
   144        MOVE 1 TO CT-LIN.
   145 CABECALHO-FINAL.
   146        MOVE TOTAL-CLI TO MASC-TOTAL-CLI.
   147        MOVE TOTAL-SAL TO MASC-TOTAL-SAL.
   148        WRITE REG-ATR FROM CAB-05 AFTER ADVANCING 2 LINES.
   149        WRITE REG-ATR FROM CAB-06 AFTER ADVANCING 1 LINES.
* Microsoft COBOL Version 4.5        L2.4 revision 002
* (C)Copyright Microsoft Corp 1984, 1991       URN AXUPA/MS0/000000
*                                              REF GNB-024050002A7
*
* Total Messages:     0
* Data:        1700     Code:         762     Dictionary:        1948
